// Jest Snapshot v1, https://goo.gl/fbAQLP

exports[`App should render the component 1`] = `
Object {
  "asFragment": [Function],
  "baseElement": <body>
    <div>
      <div
        class="login-wrapper"
        data-testid="login-head"
      >
        <h1
          class="gradient-text"
        >
          Employee Polls
        </h1>
        <figure>
          <img
            alt="Poll"
            src="poll-logo.png"
          />
        </figure>
        <h3>
           Log In 
        </h3>
        <form
          id="loginForm"
        >
          <label>
            <p>
              User
            </p>
            <input
              data-testid="username"
              type="text"
              value="sarahedo"
            />
          </label>
          <label>
            <p>
              Password
            </p>
            <input
              data-testid="password"
              id="password"
              type="password"
            />
          </label>
          <div
            class="button-container"
          >
            <input
              data-testid="submit-btn"
              id="btnlogin"
              type="submit"
            />
          </div>
        </form>
      </div>
    </div>
  </body>,
  "container": <div>
    <div
      class="login-wrapper"
      data-testid="login-head"
    >
      <h1
        class="gradient-text"
      >
        Employee Polls
      </h1>
      <figure>
        <img
          alt="Poll"
          src="poll-logo.png"
        />
      </figure>
      <h3>
         Log In 
      </h3>
      <form
        id="loginForm"
      >
        <label>
          <p>
            User
          </p>
          <input
            data-testid="username"
            type="text"
            value="sarahedo"
          />
        </label>
        <label>
          <p>
            Password
          </p>
          <input
            data-testid="password"
            id="password"
            type="password"
          />
        </label>
        <div
          class="button-container"
        >
          <input
            data-testid="submit-btn"
            id="btnlogin"
            type="submit"
          />
        </div>
      </form>
    </div>
  </div>,
  "debug": [Function],
  "findAllByAltText": [Function],
  "findAllByDisplayValue": [Function],
  "findAllByLabelText": [Function],
  "findAllByPlaceholderText": [Function],
  "findAllByRole": [Function],
  "findAllByTestId": [Function],
  "findAllByText": [Function],
  "findAllByTitle": [Function],
  "findByAltText": [Function],
  "findByDisplayValue": [Function],
  "findByLabelText": [Function],
  "findByPlaceholderText": [Function],
  "findByRole": [Function],
  "findByTestId": [Function],
  "findByText": [Function],
  "findByTitle": [Function],
  "getAllByAltText": [Function],
  "getAllByDisplayValue": [Function],
  "getAllByLabelText": [Function],
  "getAllByPlaceholderText": [Function],
  "getAllByRole": [Function],
  "getAllByTestId": [Function],
  "getAllByText": [Function],
  "getAllByTitle": [Function],
  "getByAltText": [Function],
  "getByDisplayValue": [Function],
  "getByLabelText": [Function],
  "getByPlaceholderText": [Function],
  "getByRole": [Function],
  "getByTestId": [Function],
  "getByText": [Function],
  "getByTitle": [Function],
  "queryAllByAltText": [Function],
  "queryAllByDisplayValue": [Function],
  "queryAllByLabelText": [Function],
  "queryAllByPlaceholderText": [Function],
  "queryAllByRole": [Function],
  "queryAllByTestId": [Function],
  "queryAllByText": [Function],
  "queryAllByTitle": [Function],
  "queryByAltText": [Function],
  "queryByDisplayValue": [Function],
  "queryByLabelText": [Function],
  "queryByPlaceholderText": [Function],
  "queryByRole": [Function],
  "queryByTestId": [Function],
  "queryByText": [Function],
  "queryByTitle": [Function],
  "rerender": [Function],
  "unmount": [Function],
}
`;
